
> iic-frontend@1.0.0 dev
> next dev

  ▲ Next.js 14.2.35
  - Local:        http://localhost:3000
  - Environments: .env

 ✓ Starting...
 ✓ Ready in 3.2s
 ○ Compiling / ...
 ✓ Compiled / in 11.8s (497 modules)
 GET / 200 in 12744ms
 ✓ Compiled in 732ms (248 modules)
 ✓ Compiled in 418ms (248 modules)
 ✓ Compiled in 375ms (248 modules)
 ✓ Compiled in 440ms (248 modules)
 ✓ Compiled in 4s (248 modules)
 ○ Compiling /dashboard ...
 ✓ Compiled /dashboard in 3.6s (544 modules)
 ✓ Compiled /_not-found in 423ms (547 modules)
 GET /.well-known/appspecific/com.chrome.devtools.json 404 in 834ms
 ○ Compiling /calendar ...
 ✓ Compiled /calendar in 854ms (563 modules)
 ○ Compiling /availability ...
 ✓ Compiled /availability in 785ms (571 modules)
 ○ Compiling /bookings ...
 ✓ Compiled /bookings in 584ms (579 modules)
 ○ Compiling /bookings/new ...
 ✓ Compiled /bookings/new in 3.3s (593 modules)
 ○ Compiling /approvals ...
 ✓ Compiled /approvals in 741ms (599 modules)
 ○ Compiling /resources ...
 ✓ Compiled /resources in 970ms (607 modules)
 ○ Compiling /issues ...
 ✓ Compiled /issues in 674ms (613 modules)
 ○ Compiling /login ...
 ✓ Compiled /login in 1085ms (532 modules)
